src/app/dashboard/job-seeker/favorites/page.tsx(7,27): error TS2307: Cannot find module '@/components/jobs/SaveJobButton' or its corresponding type declarations.
src/app/dashboard/job-seeker/page.tsx(106,7): error TS2322: Type '{ user: { name: string | null; image: string | null; }; jobSeeker: { bio: string | null; resumeUrl: string | null; profileStrength: number; checklist: { label: string; completed: boolean; }[]; }; recommendedJobs: any[]; savedJobIds: string[]; applications: ({ ...; } & { ...; })[]; interviews: ({ ...; } & { ...; })[]...' is not assignable to type 'IntrinsicAttributes & JobSeekerDashboardClientProps'.
  Property 'savedJobIds' does not exist on type 'IntrinsicAttributes & JobSeekerDashboardClientProps'.
src/app/jobs/page.tsx(9,27): error TS2307: Cannot find module '@/components/jobs/SaveJobButton' or its corresponding type declarations.
