src/app/dashboard/job-seeker/profile/page.tsx(55,15): error TS2322: Type 'string | null | undefined' is not assignable to type 'string | null'.
  Type 'undefined' is not assignable to type 'string | null'.
